---
source: src/records.rs
description: err
expression: out
---
]8;;https://en.wikipedia.org/wiki/Fully_qualified_domain_name\(link)]8;;\

  Ã— not a fully qualified domain name
   â•­â”€â”€â”€â”€
 1 â”‚ example.net
   Â·           â”¬
   Â·           â•°â”€â”€ last character
   â•°â”€â”€â”€â”€
  help: hostname should be a fully qualified domain name (end with a '.')
