---
source: src/records.rs
description: err
expression: out
---
]8;;https://en.wikipedia.org/wiki/Hostname#Syntax\(link)]8;;\

  Ã— invalid octet: '\xc3'
   â•­â”€â”€â”€â”€
 1 â”‚ name.this-is-not-ascii-ÃŸ.example.org.
   Â·                        â”¬
   Â·                        â•°â”€â”€ octet
   â•°â”€â”€â”€â”€
  help: we only accept ascii characters
