---
source: src/records.rs
description: err
expression: out
---
]8;;https://en.wikipedia.org/wiki/Fully_qualified_domain_name\(link)]8;;\

  Ã— not a fully qualified domain name
   â•­â”€[test_records_invalid:3:11]
 2 â”‚ example.org.
 3 â”‚ example.net
   Â·           â”¬
   Â·           â•°â”€â”€ last character
 4 â”‚ subdomain.example.com.
   â•°â”€â”€â”€â”€
  help: hostname should be a fully qualified domain name (end with a '.')
