---
source: src/records.rs
description: err
expression: out
---
]8;;https://en.wikipedia.org/wiki/Fully_qualified_domain_name\(link)]8;;\

  Ã— label too long (78 octets)
   â•­â”€[test_records_invalid:2:6]
 1 â”‚ example.com.
 2 â”‚ name.an-entremely-long-label-that-should-not-exist-because-it-goes-against-the-spec.example.org.
   Â·      â”€â”€â”€â”€â”€â”€â”€â”€â”€â”€â”€â”€â”€â”€â”€â”€â”€â”€â”€â”€â”€â”€â”€â”€â”€â”€â”€â”€â”€â”€â”€â”€â”€â”€â”€â”€â”€â”€â”€â”¬â”€â”€â”€â”€â”€â”€â”€â”€â”€â”€â”€â”€â”€â”€â”€â”€â”€â”€â”€â”€â”€â”€â”€â”€â”€â”€â”€â”€â”€â”€â”€â”€â”€â”€â”€â”€â”€â”€
   Â·                                             â•°â”€â”€ label
 3 â”‚ example.net.
   â•°â”€â”€â”€â”€
  help: labels should be at most 63 octets
