---
source: src/records.rs
description: err
expression: out
---
]8;;https://en.wikipedia.org/wiki/Hostname#Syntax\(link)]8;;\

  Ã— invalid octet: ':'
   â•­â”€â”€â”€â”€
 1 â”‚ name.this-character:-is-not-allowed.example.org.
   Â·                    â”¬
   Â·                    â•°â”€â”€ octet
   â•°â”€â”€â”€â”€
  help: hostnames are only allowed to contain characters in [a-zA-Z0-9_-]
