---
source: src/records.rs
description: err
expression: out
---
]8;;https://en.wikipedia.org/wiki/Fully_qualified_domain_name\(link)]8;;\

  Ã— empty label
   â•­â”€â”€â”€â”€
 1 â”‚ name..example.org.
   Â·      â–²
   Â·      â•°â”€â”€ label
   â•°â”€â”€â”€â”€
  help: each label should have at least one character
