---
source: src/records.rs
description: err
expression: out
---
]8;;https://en.wikipedia.org/wiki/Hostname#Syntax\(link)]8;;\

  Ã— invalid octet: '\xc3'
   â•­â”€[test_records_invalid:2:19]
 1 â”‚ example.com.
 2 â”‚ name.this-is-not-aÃŸcii.example.org.
   Â·                   â”¬
   Â·                   â•°â”€â”€ octet
 3 â”‚ example.net.
   â•°â”€â”€â”€â”€
  help: we only accept ascii characters
